make: Entering directory '/home/ubuntu/work/Kernel-6.18-LTS'
make[1]: Entering directory '/home/ubuntu/work/Kernel-6.18-LTS/out/spss-port-build'
  GEN     Makefile
  DESCEND bpf/resolve_btfids
  CALL    /home/ubuntu/work/Kernel-6.18-LTS/scripts/checksyscalls.sh
  INSTALL libsubcmd_headers
  AR      vmlinux.a
  LD      vmlinux.o
  MODPOST Module.symvers
  CC      .vmlinux.export.o
  UPD     include/generated/utsversion.h
  CC      init/version-timestamp.o
  KSYMS   .tmp_vmlinux0.kallsyms.S
  AS      .tmp_vmlinux0.kallsyms.o
  LD      .tmp_vmlinux1
  BTF     .tmp_vmlinux1.btf.o
Reached the limit of per-CPU variables: 4096
Reached the limit of per-CPU variables: 4096
Reached the limit of per-CPU variables: 4096
Reached the limit of per-CPU variables: 4096
Reached the limit of per-CPU variables: 4096
Reached the limit of per-CPU variables: 4096
  NM      .tmp_vmlinux1.syms
  KSYMS   .tmp_vmlinux1.kallsyms.S
  AS      .tmp_vmlinux1.kallsyms.o
  LD      .tmp_vmlinux2
  NM      .tmp_vmlinux2.syms
  KSYMS   .tmp_vmlinux2.kallsyms.S
  AS      .tmp_vmlinux2.kallsyms.o
  LD      vmlinux.unstripped
  BTFIDS  vmlinux.unstripped
FAILED: load BTF from vmlinux.unstripped: Invalid argument
make[3]: *** [/home/ubuntu/work/Kernel-6.18-LTS/scripts/Makefile.vmlinux:72: vmlinux.unstripped] Error 255
make[3]: *** Deleting file 'vmlinux.unstripped'
make[2]: *** [/home/ubuntu/work/Kernel-6.18-LTS/Makefile:1274: vmlinux] Error 2
make[1]: *** [/home/ubuntu/work/Kernel-6.18-LTS/Makefile:266: __sub-make] Error 2
make[1]: Leaving directory '/home/ubuntu/work/Kernel-6.18-LTS/out/spss-port-build'
make: *** [Makefile:266: __sub-make] Error 2
make: Leaving directory '/home/ubuntu/work/Kernel-6.18-LTS'
